// Jest Snapshot v1, https://goo.gl/fbAQLP

exports[`renders dummy component correctly 1`] = `
<h1>
  Dummy component
</h1>
`;
